// Jest Snapshot v1, https://goo.gl/fbAQLP

exports[`AboutView matches the snapshot 1`] = `
<div class="about">
  <h1>Acerca de Nosotros</h1>
  <p>Lorem ipsum dolor sit amet consectetur adipisicing elit</p>
</div>
`;
